Vec 0, max cell gradient error 0
Vec 1, max cell gradient error 0
Vec 2, max cell gradient error 0
Vec 3, max cell gradient error 1.15811e-15
Vec 4, max cell gradient error 9.24827e-16
Vec 5, max cell gradient error 9.88153e-16
Function tests pass for order 0 at tolerance 1e-10
Function tests pass for order 0 derivatives at tolerance 1e-10
