Vec 0, max cell gradient error 0
Vec 1, max cell gradient error 0
Vec 2, max cell gradient error 6.66134e-16
Function tests pass for order 0 at tolerance 1e-10
Function tests pass for order 0 derivatives at tolerance 1e-10
