
 CG: 
Number of iterations =   7
  Error norm 1.7801e-07.

 MINRES: 
Number of iterations =   8

 SYMMLQ: 
Number of iterations =   8
