
 Load dataset ...

 CG: 
Number of iterations =   7
Residual norm: 90.1657;  Error norm: 6.37723.

 MINRES: 
Number of iterations = 197
Residual norm: 0.0229885;  Error norm: 1.56895.

 SYMMLQ: 
Number of iterations = 197
Residual norm: 0.028771;  Error norm: 1.56682.
