
 Load dataset ...

 CG: 
Number of iterations =   2
Residual norm: 482.026;  Error norm: 11.7481.

 MINRES: 
Number of iterations =  65
Residual norm: 4.22791e-05;  Error norm: 0.471895.

 SYMMLQ: 
Number of iterations =  72
Residual norm: 1.44234e-06;  Error norm: 4.67032e-07.
